20:14:52 **** Incremental Build of configuration Debug for project UART_Printf_Fn ****
make -j4 all 
arm-none-eabi-gcc "../Core/Src/main.c" -mcpu=cortex-m4 -std=gnu11 -g3 -DDEBUG -DUSE_HAL_DRIVER -DSTM32F407xx -c -I../Core/Inc -I../Drivers/STM32F4xx_HAL_Driver/Inc -I../Drivers/STM32F4xx_HAL_Driver/Inc/Legacy -I../Drivers/CMSIS/Device/ST/STM32F4xx/Include -I../Drivers/CMSIS/Include -O0 -ffunction-sections -fdata-sections -Wall -fstack-usage -MMD -MP -MF"Core/Src/main.d" -MT"Core/Src/main.o" --specs=nano.specs -mfpu=fpv4-sp-d16 -mfloat-abi=hard -mthumb -o "Core/Src/main.o"
arm-none-eabi-gcc -o "UART_Printf_Fn.elf" @"objects.list"   -mcpu=cortex-m4 -T"/home/amitkor12/STM32CubeIDE/STM32F407G-100/UART_Printf_Fn/STM32F407VGTX_FLASH.ld" --specs=nosys.specs -Wl,-Map="UART_Printf_Fn.map" -Wl,--gc-sections -static --specs=nano.specs -mfpu=fpv4-sp-d16 -mfloat-abi=hard -mthumb -Wl,--start-group -lc -lm -Wl,--end-group
Finished building target: UART_Printf_Fn.elf
 
arm-none-eabi-size   UART_Printf_Fn.elf 
arm-none-eabi-objdump -h -S  UART_Printf_Fn.elf  > "UART_Printf_Fn.list"
   text	   data	    bss	    dec	    hex	filename
  19764	    120	   1752	  21636	   5484	UART_Printf_Fn.elf
Finished building: default.size.stdout
 
Finished building: UART_Printf_Fn.list
 
20:14:55 **** Incremental Build of configuration Debug for project UART_Printf_Fn ****
make -j4 all 
arm-none-eabi-size   UART_Printf_Fn.elf 
   text	   data	    bss	    dec	    hex	filename
  19764	    120	   1752	  21636	   5484	UART_Printf_Fn.elf
Finished building: default.size.stdout
 
