12:16:47 **** Incremental Build of configuration Debug for project SPI_Example ****
make -j4 all 
arm-none-eabi-gcc "../Core/Src/main.c" -mcpu=cortex-m4 -std=gnu11 -g3 -DDEBUG -DUSE_HAL_DRIVER -DSTM32F407xx -c -I../Core/Inc -I../Drivers/STM32F4xx_HAL_Driver/Inc -I../Drivers/STM32F4xx_HAL_Driver/Inc/Legacy -I../Drivers/CMSIS/Device/ST/STM32F4xx/Include -I../Drivers/CMSIS/Include -O0 -ffunction-sections -fdata-sections -Wall -fstack-usage -MMD -MP -MF"Core/Src/main.d" -MT"Core/Src/main.o" --specs=nano.specs -mfpu=fpv4-sp-d16 -mfloat-abi=hard -mthumb -o "Core/Src/main.o"
arm-none-eabi-gcc -o "SPI_Example.elf" @"objects.list"   -mcpu=cortex-m4 -T"/home/amitkor12/STM32CubeIDE/STM32F407G-100/SPI_Example/STM32F407VGTX_FLASH.ld" --specs=nosys.specs -Wl,-Map="SPI_Example.map" -Wl,--gc-sections -static --specs=nano.specs -mfpu=fpv4-sp-d16 -mfloat-abi=hard -mthumb -Wl,--start-group -lc -lm -Wl,--end-group
Finished building target: SPI_Example.elf
 
arm-none-eabi-size   SPI_Example.elf 
arm-none-eabi-objdump -h -S  SPI_Example.elf  > "SPI_Example.list"
   text	   data	    bss	    dec	    hex	filename
  12064	     40	   1752	  13856	   3620	SPI_Example.elf
Finished building: default.size.stdout
 
Finished building: SPI_Example.list
 

12:16:48 Build Finished. 0 errors, 0 warnings. (took 604ms)

